
=== 楠岃瘉1: 閮ㄥ垎閫€璐у姛鑳?===

  寮€鍗曞墠搴撳瓨: M8铻轰笣=3, 閾滃悎椤?55 浠锋牸=(28,12)
  寮€鍗旽TTP鐘舵€? 200 {"orderId":6,"customer_id":3,"customer_name":"寮犲笀鍌?,"total_amount":108,"total_profit":53,"items":[{"product_id":3,"product_name":"M8铻轰笣(30棰?鍖?","quantity":3,"unit_price":28,"cost_price":15,"subtotal":84
  宸插紑璁㈠崟: #6 鍚堣楼108 鍒╂鼎楼53
  璁㈠崟椤? M8铻轰笣(30棰?鍖?x3鍓?, 鏅€氬悎椤?瀵?鍓?x2鍓?
  鈭?M8铻轰笣鍓╀綑鍙€€=3
  鈭?閾滃悎椤靛墿浣欏彲閫€=2
  閫€璐?涓灪涓? 閫€娆韭?8 鍏ㄩ儴閫€瀹?=false
  鈭?鏈叏閫€瀹?  鈭?閫€娆鹃噾棰濇纭?  铻轰笣鏈€鏂板墿浣欏彲閫€: 2
  鈭?铻轰笣鍓?涓彲閫€
  搴撳瓨妫€鏌? M8铻轰笣 鍘?-3+1=1, 瀹為檯=1
  鈭?搴撳瓨姝ｇ‘锛氭墸3鍔?

=== 楠岃瘉2: 鏃ユ湡鑼冨洿鎶ヨ〃 ===

  鍖洪棿鎶ヨ〃HTTP鐘舵€? 200
  鍖洪棿鎶ヨ〃瀛楁: [
  'dateRange',
  'orderCount',
  'refundedOrderCount',
  'totalSales',
  'totalProfit',
  'totalRefund',
  'orders',
  'items',
  'refunds',
  'productSummary',
  'categorySummary'
]
  浠婃棩鍖洪棿鎶ヨ〃: 閿€鍞楼0 鍒╂鼎楼0 閫€璐?
  鍒嗙被姹囨€? ...
  鉁?鍖洪棿閿€鍞>0
  鉁?閫€璐ч噾棰?=閮ㄥ垎閫€娆?  鉁?鍒嗙被姹囨€昏嚦灏?绫?
=== 楠岃瘉3: 渚涘簲鍟嗗璐?===

  寮犲笀鍌呬簲閲? 渚涜揣2娆?鎬婚噾棰澛?18.5
  鈭?渚涜揣娆℃暟>=2
  渚涘簲鍟嗗晢鍝佹眹鎬? 鏅€氬悎椤?瀵?鍓?x30楼96, M8铻轰笣(30棰?鍖?x50楼22.5
  鈭?渚涜揣鍟嗗搧>=2绉?  鈭?渚涘簲鍟嗘€昏繘璐ф垚鏈?0

=== 楠岃瘉4: 瀹㈡埛鍘嗗彶鍚€€璐ц褰?===

node : 娴嬭瘯鍑洪敊: Request path contains unescaped characters
所在位置 行:1 字符: 5
+ & { node test-v3-features.js > test-output.txt 2>&1 } | Out-Host; exi ...
+     ~~~~~~~~~~~~~~~~~~~~~~~~~~~~~~~~~~~~~~~~~~~~~~~
    + CategoryInfo          : NotSpecified: (娴嬭瘯鍑洪敊: Request...aped characters: 
   String) [], RemoteException
    + FullyQualifiedErrorId : NativeCommandError
 
